date,weekday,month,commute_minutes,opal_cost,reliability,pm25_mean,rain_24h_mm,beach_status,beach_ok,steps,sleep_hours,mood_1_5,caffeine_mg
2025-01-01,Wednesday,1,92,15.8,0.75,8.2,0.6,Very good,True,10342,7.5,4,180
2025-01-02,Thursday,1,88,15.1,1.0,16.4,12.1,Poor,False,8543,6.8,3,220
